[themelooks.biz/demo/beautain/html/preview/index.html]
[backblue.gif]
[fade.gif]
[index.html]
[themelooks.biz/demo/beautain/html/preview/favicon.png]
[themelooks.biz/demo/beautain/html/preview/index-2.html]
[themelooks.biz/demo/beautain/html/preview/home-1.html]
[themelooks.biz/demo/beautain/html/preview/home-2.html]
[themelooks.biz/demo/beautain/html/preview/home-3.html]
[themelooks.biz/demo/beautain/html/preview/home-4.html]
[themelooks.biz/demo/beautain/html/preview/about.html]
[themelooks.biz/demo/beautain/html/preview/appointment.html]
[themelooks.biz/demo/beautain/html/preview/specialist.html]
[themelooks.biz/demo/beautain/html/preview/pricing.html]
[themelooks.biz/demo/beautain/html/preview/404.html]
[themelooks.biz/demo/beautain/html/preview/coming-soon.html]
[themelooks.biz/demo/beautain/html/preview/service.html]
[themelooks.biz/demo/beautain/html/preview/service-details.html]
[themelooks.biz/demo/beautain/html/preview/service-details2.html]
[themelooks.biz/demo/beautain/html/preview/shop.html]
[themelooks.biz/demo/beautain/html/preview/shop-details.html]
[themelooks.biz/demo/beautain/html/preview/cart.html]
[themelooks.biz/demo/beautain/html/preview/checkout.html]
[themelooks.biz/demo/beautain/html/preview/portfolio.html]
[themelooks.biz/demo/beautain/html/preview/blog.html]
[themelooks.biz/demo/beautain/html/preview/blog-details.html]
[themelooks.biz/demo/beautain/html/preview/contact.html]
[themelooks.biz/demo/beautain/html/preview/assets/img/bg/banner-bg.png]
[themelooks.biz/demo/beautain/html/preview/assets/img/bg/banner-bg2.png]
[themelooks.biz/demo/beautain/html/preview/assets/img/bg/banner-bg3.png]
[themelooks.biz/demo/beautain/html/preview/assets/img/media/about.png]
[themelooks.biz/demo/beautain/html/preview/assets/img/bg/service-bg.png]
[themelooks.biz/demo/beautain/html/preview/assets/img/media/sci1.png]
[themelooks.biz/demo/beautain/html/preview/assets/img/media/sci2.png]
[themelooks.biz/demo/beautain/html/preview/assets/img/media/sci3.png]
[themelooks.biz/demo/beautain/html/preview/assets/img/bg/video-bg.png]
[themelooks.biz/demo/beautain/html/preview/assets/img/media/specialists1.png]
[themelooks.biz/demo/beautain/html/preview/assets/img/media/specialists2.png]
[themelooks.biz/demo/beautain/html/preview/assets/img/media/specialists3.png]
[themelooks.biz/demo/beautain/html/preview/assets/img/bg/testimonial-bg.png]
[themelooks.biz/demo/beautain/html/preview/assets/img/media/testimonial1.png]
[themelooks.biz/demo/beautain/html/preview/assets/img/media/testimonial2.png]
[themelooks.biz/demo/beautain/html/preview/assets/img/media/testimonial3.png]
[themelooks.biz/demo/beautain/html/preview/assets/img/media/product1.png]
[themelooks.biz/demo/beautain/html/preview/assets/img/media/product2.png]
[themelooks.biz/demo/beautain/html/preview/assets/img/media/product3.png]
[themelooks.biz/demo/beautain/html/preview/assets/img/media/product4.png]
[themelooks.biz/demo/beautain/html/preview/assets/img/bg/newsletter-bg.png]
[themelooks.biz/demo/beautain/html/preview/assets/img/post/post1.png]
[themelooks.biz/demo/beautain/html/preview/assets/img/post/post2.png]
[themelooks.biz/demo/beautain/html/preview/assets/img/post/post3.png]
[themelooks.biz/demo/beautain/html/preview/assets/img/bg/footer-bg.png]
[themelooks.biz/demo/beautain/html/preview/assets/img/media/cards.png]
[themelooks.biz/demo/beautain/html/preview/assets/js/jquery.min.js]
[themelooks.biz/demo/beautain/html/preview/assets/js/bootstrap.bundle.min.js]
[themelooks.biz/demo/beautain/html/preview/assets/js/menu.min.js]
[themelooks.biz/demo/beautain/html/preview/assets/plugins/owlcarousel/owl.carousel.min.js]
[themelooks.biz/demo/beautain/html/preview/assets/plugins/magnific-popup/jquery.magnific-popup.min.js]
[themelooks.biz/demo/beautain/html/preview/assets/plugins/retinajs/retina.min.js]
[themelooks.biz/demo/beautain/html/preview/assets/plugins/counterup/waypoints.min.js]
[themelooks.biz/demo/beautain/html/preview/assets/plugins/counterup/jquery.counterup.min.js]
[themelooks.biz/demo/beautain/html/preview/assets/plugins/countdown-timer/countdown.min.js]
[themelooks.biz/demo/beautain/html/preview/assets/plugins/isotope/isotope.pkgd.min.js]
[themelooks.biz/demo/beautain/html/preview/assets/plugins/isotope/packery-mode.pkgd.min.js]
[themelooks.biz/demo/beautain/html/preview/assets/plugins/elevatezoom/jquery.elevateZoom-3.0.8.min.js]
[themelooks.biz/demo/beautain/html/preview/assets/js/main.js]
[themelooks.biz/demo/beautain/html/preview/assets/js/custom.js]
[themelooks.biz/demo/beautain/html/preview/index.html]
[themelooks.biz/demo/beautain/html/preview/assets/webfonts/fa-brands-400.eot]
[themelooks.biz/demo/beautain/html/preview/assets/webfonts/fa-brands-400.woff2]
[themelooks.biz/demo/beautain/html/preview/assets/webfonts/fa-brands-400d41d.eot]
[themelooks.biz/demo/beautain/html/preview/assets/webfonts/fa-brands-400.woff]
[themelooks.biz/demo/beautain/html/preview/assets/webfonts/fa-brands-400.ttf]
[themelooks.biz/demo/beautain/html/preview/assets/webfonts/fa-regular-400.eot]
[themelooks.biz/demo/beautain/html/preview/assets/webfonts/fa-regular-400d41d.eot]
[themelooks.biz/demo/beautain/html/preview/assets/webfonts/fa-regular-400.woff2]
[themelooks.biz/demo/beautain/html/preview/assets/webfonts/fa-regular-400.woff]
[themelooks.biz/demo/beautain/html/preview/assets/webfonts/fa-regular-400.ttf]
[themelooks.biz/demo/beautain/html/preview/assets/webfonts/fa-solid-900.eot]
[themelooks.biz/demo/beautain/html/preview/assets/webfonts/fa-solid-900d41d.eot]
[themelooks.biz/demo/beautain/html/preview/assets/webfonts/fa-solid-900.woff2]
[themelooks.biz/demo/beautain/html/preview/assets/webfonts/fa-solid-900.woff]
[themelooks.biz/demo/beautain/html/preview/assets/webfonts/fa-solid-900.ttf]
[themelooks.biz/demo/beautain/html/preview/assets/css/all.min.css]
[themelooks.biz/demo/beautain/html/preview/assets/css/bootstrap.min.css]
[themelooks.biz/demo/beautain/html/preview/assets/plugins/owlcarousel/owl.carousel.min.css]
[themelooks.biz/demo/beautain/html/preview/assets/plugins/magnific-popup/magnific-popup.css]
[themelooks.biz/demo/beautain/html/preview/assets/img/icon/line_shape.png]
[themelooks.biz/demo/beautain/html/preview/assets/img/icon/line_shape3.png]
[themelooks.biz/demo/beautain/html/preview/assets/img/icon/line_shape2.png]
[themelooks.biz/demo/beautain/html/preview/assets/img/bg/footer-overlay.png]
[themelooks.biz/demo/beautain/html/preview/assets/img/bg/footer-overlay2.png]
[themelooks.biz/demo/beautain/html/preview/assets/img/icon/white-divider.png]
[themelooks.biz/demo/beautain/html/preview/assets/img/icon/divider.png]
[themelooks.biz/demo/beautain/html/preview/assets/img/bg/price-bg.png]
[themelooks.biz/demo/beautain/html/preview/assets/img/bg/price-active-bg.png]
[themelooks.biz/demo/beautain/html/preview/assets/img/icon/quotes.png]
[themelooks.biz/demo/beautain/html/preview/assets/css/style.css]
[themelooks.biz/demo/beautain/html/preview/assets/css/custom.css]
[themelooks.biz/demo/beautain/html/preview/index-2.html]
[themelooks.biz/demo/beautain/html/preview/assets/img/logo.svg]
[themelooks.biz/demo/beautain/html/preview/assets/img/bg/banner-bg-yoga.png]
[themelooks.biz/demo/beautain/html/preview/assets/img/bg/banner-bg-yoga2.png]
[themelooks.biz/demo/beautain/html/preview/assets/img/bg/banner-bg-yoga3.png]
[themelooks.biz/demo/beautain/html/preview/assets/img/media/about3.png]
[themelooks.biz/demo/beautain/html/preview/assets/img/media/tut1.png]
[themelooks.biz/demo/beautain/html/preview/assets/img/media/tut2.png]
[themelooks.biz/demo/beautain/html/preview/assets/img/media/tut3.png]
[themelooks.biz/demo/beautain/html/preview/assets/img/media/tut4.png]
[themelooks.biz/demo/beautain/html/preview/assets/img/media/teacher1.png]
[themelooks.biz/demo/beautain/html/preview/assets/img/media/teacher2.png]
[themelooks.biz/demo/beautain/html/preview/assets/img/media/teacher3.png]
[themelooks.biz/demo/beautain/html/preview/assets/img/media/g1@2x.png]
[themelooks.biz/demo/beautain/html/preview/assets/img/media/g1.png]
[themelooks.biz/demo/beautain/html/preview/assets/img/media/g2@2x.png]
[themelooks.biz/demo/beautain/html/preview/assets/img/media/g2.png]
[themelooks.biz/demo/beautain/html/preview/assets/img/media/g3@2x.png]
[themelooks.biz/demo/beautain/html/preview/assets/img/media/g3.png]
[themelooks.biz/demo/beautain/html/preview/assets/img/media/g4@2x.png]
[themelooks.biz/demo/beautain/html/preview/assets/img/media/g4.png]
[themelooks.biz/demo/beautain/html/preview/assets/img/media/g5@2x.png]
[themelooks.biz/demo/beautain/html/preview/assets/img/media/g5.png]
[themelooks.biz/demo/beautain/html/preview/assets/img/media/g6@2x.png]
[themelooks.biz/demo/beautain/html/preview/assets/img/media/g6.png]
[themelooks.biz/demo/beautain/html/preview/assets/img/media/g7@2x.png]
[themelooks.biz/demo/beautain/html/preview/assets/img/media/g7.png]
[themelooks.biz/demo/beautain/html/preview/assets/img/post/post4.png]
[themelooks.biz/demo/beautain/html/preview/assets/img/post/post5.png]
[themelooks.biz/demo/beautain/html/preview/assets/img/post/post6.png]
[themelooks.biz/demo/beautain/html/preview/assets/img/media/quote-img.png]
[themelooks.biz/demo/beautain/html/preview/assets/img/bg/footer-bg3.png]
[themelooks.biz/demo/beautain/html/preview/home-1.html]
[themelooks.biz/demo/beautain/html/preview/assets/img/bg/banner4-bg.png]
[themelooks.biz/demo/beautain/html/preview/assets/img/bg/banner4-bg2.png]
[themelooks.biz/demo/beautain/html/preview/assets/img/bg/banner4-bg3.png]
[themelooks.biz/demo/beautain/html/preview/assets/img/bg/about_bg_dotshape.png]
[themelooks.biz/demo/beautain/html/preview/assets/img/media/about4.png]
[themelooks.biz/demo/beautain/html/preview/assets/img/bg/mens_salon_bg.png]
[themelooks.biz/demo/beautain/html/preview/assets/img/bg/location_bg.png]
[themelooks.biz/demo/beautain/html/preview/assets/img/media/map_img.png]
[themelooks.biz/demo/beautain/html/preview/assets/img/media/mg1@2x.png]
[themelooks.biz/demo/beautain/html/preview/assets/img/media/mg1.png]
[themelooks.biz/demo/beautain/html/preview/assets/img/media/mg2@2x.png]
[themelooks.biz/demo/beautain/html/preview/assets/img/media/mg2.png]
[themelooks.biz/demo/beautain/html/preview/assets/img/media/mg3@2x.png]
[themelooks.biz/demo/beautain/html/preview/assets/img/media/mg3.png]
[themelooks.biz/demo/beautain/html/preview/assets/img/bg/mg.png]
[themelooks.biz/demo/beautain/html/preview/assets/img/media/price4.png]
[themelooks.biz/demo/beautain/html/preview/assets/img/media/price5.png]
[themelooks.biz/demo/beautain/html/preview/assets/img/media/price6.png]
[themelooks.biz/demo/beautain/html/preview/assets/img/bg/funfact_bg.png]
[themelooks.biz/demo/beautain/html/preview/assets/img/icon/fun5.png]
[themelooks.biz/demo/beautain/html/preview/assets/img/icon/fun6.png]
[themelooks.biz/demo/beautain/html/preview/assets/img/icon/fun7.png]
[themelooks.biz/demo/beautain/html/preview/assets/img/icon/fun8.png]
[themelooks.biz/demo/beautain/html/preview/assets/img/post/post10.png]
[themelooks.biz/demo/beautain/html/preview/assets/img/post/post11.png]
[themelooks.biz/demo/beautain/html/preview/assets/img/post/post12.png]
[themelooks.biz/demo/beautain/html/preview/assets/img/bg/mens_foter_bg.png]
[themelooks.biz/demo/beautain/html/preview/home-2.html]
[themelooks.biz/demo/beautain/html/preview/assets/img/bg/banner2-bg.png]
[themelooks.biz/demo/beautain/html/preview/assets/img/bg/banner2-bg2.png]
[themelooks.biz/demo/beautain/html/preview/assets/img/bg/banner2-bg3.png]
[themelooks.biz/demo/beautain/html/preview/assets/img/bg/feature_bg.png]
[themelooks.biz/demo/beautain/html/preview/assets/img/media/about1.png]
[themelooks.biz/demo/beautain/html/preview/assets/img/bg/about-left-bg.png]
[themelooks.biz/demo/beautain/html/preview/assets/img/icon/gallery.png]
[themelooks.biz/demo/beautain/html/preview/assets/img/media/about2.png]
[themelooks.biz/demo/beautain/html/preview/assets/img/media/oil_massege.png]
[themelooks.biz/demo/beautain/html/preview/assets/img/media/nail_art.png]
[themelooks.biz/demo/beautain/html/preview/assets/img/media/price-tab-img.png]
[themelooks.biz/demo/beautain/html/preview/assets/img/media/appointment.png]
[themelooks.biz/demo/beautain/html/preview/assets/img/icon/testimonial-quote.png]
[themelooks.biz/demo/beautain/html/preview/assets/img/media/testimonial2-3.png]
[themelooks.biz/demo/beautain/html/preview/assets/img/media/testimonial2-4.png]
[themelooks.biz/demo/beautain/html/preview/assets/img/media/testimonial2-1.png]
[themelooks.biz/demo/beautain/html/preview/assets/img/media/testimonial2-2.png]
[themelooks.biz/demo/beautain/html/preview/assets/img/bg/footer-bg2.png]
[themelooks.biz/demo/beautain/html/preview/home-3.html]
[themelooks.biz/demo/beautain/html/preview/assets/img/bg/banner3-bg.png]
[themelooks.biz/demo/beautain/html/preview/assets/img/bg/banner3-bg2.png]
[themelooks.biz/demo/beautain/html/preview/assets/img/bg/banner3-bg3.png]
[themelooks.biz/demo/beautain/html/preview/assets/img/media/f-salon1.png]
[themelooks.biz/demo/beautain/html/preview/assets/img/media/f-salon2.png]
[themelooks.biz/demo/beautain/html/preview/assets/img/bg/fameal_salon_bg.png]
[themelooks.biz/demo/beautain/html/preview/assets/img/bg/fg.png]
[themelooks.biz/demo/beautain/html/preview/assets/img/media/fg1@2x.png]
[themelooks.biz/demo/beautain/html/preview/assets/img/media/fg1.png]
[themelooks.biz/demo/beautain/html/preview/assets/img/media/fg2@2x.png]
[themelooks.biz/demo/beautain/html/preview/assets/img/media/fg2.png]
[themelooks.biz/demo/beautain/html/preview/assets/img/media/fg3@2x.png]
[themelooks.biz/demo/beautain/html/preview/assets/img/media/fg3.png]
[themelooks.biz/demo/beautain/html/preview/assets/img/media/fg4@2x.png]
[themelooks.biz/demo/beautain/html/preview/assets/img/media/fg4.png]
[themelooks.biz/demo/beautain/html/preview/assets/img/media/fg5@2x.png]
[themelooks.biz/demo/beautain/html/preview/assets/img/media/fg5.png]
[themelooks.biz/demo/beautain/html/preview/assets/img/media/price1.png]
[themelooks.biz/demo/beautain/html/preview/assets/img/media/price2.png]
[themelooks.biz/demo/beautain/html/preview/assets/img/media/price3.png]
[themelooks.biz/demo/beautain/html/preview/assets/img/icon/fun1.png]
[themelooks.biz/demo/beautain/html/preview/assets/img/icon/fun2.png]
[themelooks.biz/demo/beautain/html/preview/assets/img/icon/fun3.png]
[themelooks.biz/demo/beautain/html/preview/assets/img/icon/fun4.png]
[themelooks.biz/demo/beautain/html/preview/assets/img/post/post7.png]
[themelooks.biz/demo/beautain/html/preview/assets/img/post/post8.png]
[themelooks.biz/demo/beautain/html/preview/assets/img/post/post9.png]
[themelooks.biz/demo/beautain/html/preview/assets/img/bg/footer-bg4.png]
[themelooks.biz/demo/beautain/html/preview/home-4.html]
[themelooks.biz/demo/beautain/html/preview/assets/img/bg/page-title-bg.png]
[themelooks.biz/demo/beautain/html/preview/assets/img/icon/signature.png]
[themelooks.biz/demo/beautain/html/preview/about.html]
[themelooks.biz/demo/beautain/html/preview/assets/img/bg/quick-contact-bg.png]
[themelooks.biz/demo/beautain/html/preview/assets/img/bg/contact-form-bg.png]
[themelooks.biz/demo/beautain/html/preview/assets/img/bg/cta-bg.png]
[themelooks.biz/demo/beautain/html/preview/assets/img/media/company-logo1.png]
[themelooks.biz/demo/beautain/html/preview/assets/img/media/company-logo2.png]
[themelooks.biz/demo/beautain/html/preview/assets/img/media/company-logo3.png]
[themelooks.biz/demo/beautain/html/preview/assets/img/media/company-logo4.png]
[themelooks.biz/demo/beautain/html/preview/appointment.html]
[themelooks.biz/demo/beautain/html/preview/assets/img/media/specialists4.png]
[themelooks.biz/demo/beautain/html/preview/assets/img/media/specialists5.png]
[themelooks.biz/demo/beautain/html/preview/assets/img/media/specialists6.png]
[themelooks.biz/demo/beautain/html/preview/assets/img/icon/fun9.png]
[themelooks.biz/demo/beautain/html/preview/assets/img/icon/fun10.png]
[themelooks.biz/demo/beautain/html/preview/assets/img/icon/fun11.png]
[themelooks.biz/demo/beautain/html/preview/assets/img/icon/fun12.png]
[themelooks.biz/demo/beautain/html/preview/specialist.html]
[themelooks.biz/demo/beautain/html/preview/pricing.html]
[themelooks.biz/demo/beautain/html/preview/assets/img/bg/404_bg.png]
[themelooks.biz/demo/beautain/html/preview/404.html]
[themelooks.biz/demo/beautain/html/preview/assets/img/bg/coming-soon-bg.png]
[themelooks.biz/demo/beautain/html/preview/assets/img/icon/separator.png]
[themelooks.biz/demo/beautain/html/preview/coming-soon.html]
[themelooks.biz/demo/beautain/html/preview/service.html]
[themelooks.biz/demo/beautain/html/preview/assets/img/media/therapy.png]
[themelooks.biz/demo/beautain/html/preview/assets/img/media/therapy2.png]
[themelooks.biz/demo/beautain/html/preview/assets/img/media/service-quote1.png]
[themelooks.biz/demo/beautain/html/preview/assets/img/media/service-quote2.png]
[themelooks.biz/demo/beautain/html/preview/service-details.html]
[themelooks.biz/demo/beautain/html/preview/assets/img/media/service-details2.png]
[themelooks.biz/demo/beautain/html/preview/assets/img/media/service-details2-2.png]
[themelooks.biz/demo/beautain/html/preview/assets/img/media/service-details2-3.png]
[themelooks.biz/demo/beautain/html/preview/assets/img/media/service-details2-4.png]
[themelooks.biz/demo/beautain/html/preview/assets/img/bg/service-widget-bg.png]
[themelooks.biz/demo/beautain/html/preview/assets/img/media/add.png]
[themelooks.biz/demo/beautain/html/preview/service-details2.html]
[themelooks.biz/demo/beautain/html/preview/assets/img/media/product5.png]
[themelooks.biz/demo/beautain/html/preview/assets/img/media/product6.png]
[themelooks.biz/demo/beautain/html/preview/assets/img/media/product7.png]
[themelooks.biz/demo/beautain/html/preview/assets/img/media/product8.png]
[themelooks.biz/demo/beautain/html/preview/assets/img/media/product9.png]
[themelooks.biz/demo/beautain/html/preview/assets/img/media/product10.png]
[themelooks.biz/demo/beautain/html/preview/assets/img/media/product11.png]
[themelooks.biz/demo/beautain/html/preview/assets/img/media/product12.png]
[themelooks.biz/demo/beautain/html/preview/shop.html]
[themelooks.biz/demo/beautain/html/preview/assets/img/media/product-details-large.png]
[themelooks.biz/demo/beautain/html/preview/assets/img/media/frame1.png]
[themelooks.biz/demo/beautain/html/preview/assets/img/media/product-details-2-large.png]
[themelooks.biz/demo/beautain/html/preview/assets/img/media/frame2.png]
[themelooks.biz/demo/beautain/html/preview/assets/img/media/product-details-3-large.png]
[themelooks.biz/demo/beautain/html/preview/assets/img/media/frame3.png]
[themelooks.biz/demo/beautain/html/preview/assets/img/media/product-details-4-large.png]
[themelooks.biz/demo/beautain/html/preview/assets/img/media/frame4.png]
[themelooks.biz/demo/beautain/html/preview/assets/img/media/product-details.png]
[themelooks.biz/demo/beautain/html/preview/assets/img/media/pd-description.png]
[themelooks.biz/demo/beautain/html/preview/assets/img/media/author_1.png]
[themelooks.biz/demo/beautain/html/preview/assets/img/media/author_2.png]
[themelooks.biz/demo/beautain/html/preview/assets/img/media/author_3.png]
[themelooks.biz/demo/beautain/html/preview/shop-details.html]
[themelooks.biz/demo/beautain/html/preview/assets/img/media/80x80.png]
[themelooks.biz/demo/beautain/html/preview/cart.html]
[themelooks.biz/demo/beautain/html/preview/checkout.html]
[themelooks.biz/demo/beautain/html/preview/assets/img/media/portfolio_01@2x.png]
[themelooks.biz/demo/beautain/html/preview/assets/img/media/portfolio_01.png]
[themelooks.biz/demo/beautain/html/preview/assets/img/media/portfolio_02@2x.png]
[themelooks.biz/demo/beautain/html/preview/assets/img/media/portfolio_02.png]
[themelooks.biz/demo/beautain/html/preview/assets/img/media/portfolio_03@2x.png]
[themelooks.biz/demo/beautain/html/preview/assets/img/media/portfolio_03.png]
[themelooks.biz/demo/beautain/html/preview/assets/img/media/portfolio_04@2x.png]
[themelooks.biz/demo/beautain/html/preview/assets/img/media/portfolio_04.png]
[themelooks.biz/demo/beautain/html/preview/assets/img/media/portfolio_05@2x.png]
[themelooks.biz/demo/beautain/html/preview/assets/img/media/portfolio_05.png]
[themelooks.biz/demo/beautain/html/preview/assets/img/media/portfolio_06@2x.png]
[themelooks.biz/demo/beautain/html/preview/assets/img/media/portfolio_06.png]
[themelooks.biz/demo/beautain/html/preview/assets/img/media/portfolio_07@2x.png]
[themelooks.biz/demo/beautain/html/preview/assets/img/media/portfolio_07.png]
[themelooks.biz/demo/beautain/html/preview/assets/img/media/portfolio_08@2x.png]
[themelooks.biz/demo/beautain/html/preview/assets/img/media/portfolio_08.png]
[themelooks.biz/demo/beautain/html/preview/assets/img/media/portfolio_09@2x.png]
[themelooks.biz/demo/beautain/html/preview/assets/img/media/portfolio_09.png]
[themelooks.biz/demo/beautain/html/preview/assets/img/media/portfolio_10@2x.png]
[themelooks.biz/demo/beautain/html/preview/assets/img/media/portfolio_10.png]
[themelooks.biz/demo/beautain/html/preview/portfolio.html]
[themelooks.biz/demo/beautain/html/preview/assets/img/post/post13.png]
[themelooks.biz/demo/beautain/html/preview/assets/img/post/post14.png]
[themelooks.biz/demo/beautain/html/preview/assets/img/post/post15.png]
[themelooks.biz/demo/beautain/html/preview/assets/img/post/post16.png]
[themelooks.biz/demo/beautain/html/preview/assets/img/post/post17.png]
[themelooks.biz/demo/beautain/html/preview/assets/img/post/post18.png]
[themelooks.biz/demo/beautain/html/preview/blog.html]
[themelooks.biz/demo/beautain/html/preview/assets/img/post/blog-details.png]
[themelooks.biz/demo/beautain/html/preview/assets/img/post/post-author.png]
[themelooks.biz/demo/beautain/html/preview/assets/img/post/post-nav-1.png]
[themelooks.biz/demo/beautain/html/preview/assets/img/post/post-nav-2.png]
[themelooks.biz/demo/beautain/html/preview/assets/img/post/author_1.png]
[themelooks.biz/demo/beautain/html/preview/assets/img/post/author_2.png]
[themelooks.biz/demo/beautain/html/preview/assets/img/post/author_3.png]
[themelooks.biz/demo/beautain/html/preview/blog-details.html]
[themelooks.biz/demo/beautain/html/preview/assets/img/media/map-house.png]
[themelooks.biz/demo/beautain/html/preview/contact.html]
[themelooks.biz/demo/beautain/html/preview/assets/img/icon/btn-arrow.svg]
[themelooks.biz/demo/beautain/html/preview/assets/img/icon/service-icon1.svg]
[themelooks.biz/demo/beautain/html/preview/assets/img/icon/service-icon2.svg]
[themelooks.biz/demo/beautain/html/preview/assets/img/icon/service-icon3.svg]
[themelooks.biz/demo/beautain/html/preview/assets/img/icon/service-icon4.svg]
[themelooks.biz/demo/beautain/html/preview/assets/img/icon/service-icon5.svg]
[themelooks.biz/demo/beautain/html/preview/assets/img/icon/service-icon6.svg]
[themelooks.biz/demo/beautain/html/preview/assets/img/icon/play-icon.svg]
[themelooks.biz/demo/beautain/html/preview/assets/img/icon/love.svg]
[themelooks.biz/demo/beautain/html/preview/assets/img/icon/compare.svg]
[themelooks.biz/demo/beautain/html/preview/assets/img/icon/cart.svg]
[themelooks.biz/demo/beautain/html/preview/assets/img/footer-logo.svg]
[themelooks.biz/demo/beautain/html/preview/assets/webfonts/fa-brands-400.svg]
[themelooks.biz/demo/beautain/html/preview/assets/webfonts/fa-regular-400.svg]
[themelooks.biz/demo/beautain/html/preview/assets/webfonts/fa-solid-900.svg]
[themelooks.biz/demo/beautain/html/preview/assets/plugins/owlcarousel/owl.video.play.html]
[themelooks.biz/demo/beautain/html/preview/assets/img/yoga-logo.svg]
[themelooks.biz/demo/beautain/html/preview/assets/img/icon/search.svg]
[themelooks.biz/demo/beautain/html/preview/assets/img/icon/plus.svg]
[themelooks.biz/demo/beautain/html/preview/assets/img/icon/humberger.svg]
[themelooks.biz/demo/beautain/html/preview/assets/img/icon/wwd1.svg]
[themelooks.biz/demo/beautain/html/preview/assets/img/icon/wwd2.svg]
[themelooks.biz/demo/beautain/html/preview/assets/img/icon/wwd3.svg]
[themelooks.biz/demo/beautain/html/preview/assets/img/icon/wwd4.svg]
[themelooks.biz/demo/beautain/html/preview/assets/img/icon/vid.svg]
[themelooks.biz/demo/beautain/html/preview/assets/img/icon/time.svg]
[themelooks.biz/demo/beautain/html/preview/assets/img/mens-logo.svg]
[themelooks.biz/demo/beautain/html/preview/assets/img/mens-sticky-logo.svg]
[themelooks.biz/demo/beautain/html/preview/assets/img/icon/btn-right-arrow.svg]
[themelooks.biz/demo/beautain/html/preview/assets/img/icon/service-icon11.svg]
[themelooks.biz/demo/beautain/html/preview/assets/img/icon/service-icon12.svg]
[themelooks.biz/demo/beautain/html/preview/assets/img/icon/service-icon13.svg]
[themelooks.biz/demo/beautain/html/preview/assets/img/icon/service-icon14.svg]
[themelooks.biz/demo/beautain/html/preview/assets/img/white-footer-logo.svg]
[themelooks.biz/demo/beautain/html/preview/assets/img/icon/feature-icon1.svg]
[themelooks.biz/demo/beautain/html/preview/assets/img/icon/feature-icon2.svg]
[themelooks.biz/demo/beautain/html/preview/assets/img/icon/feature-icon3.svg]
[themelooks.biz/demo/beautain/html/preview/assets/img/icon/long-arrow-right.svg]
[themelooks.biz/demo/beautain/html/preview/assets/img/icon/paper-plane.svg]
[themelooks.biz/demo/beautain/html/preview/assets/img/white-logo.svg]
[themelooks.biz/demo/beautain/html/preview/assets/img/salon-sticky-logo.svg]
[themelooks.biz/demo/beautain/html/preview/assets/img/icon/service-icon7.svg]
[themelooks.biz/demo/beautain/html/preview/assets/img/icon/service-icon8.svg]
[themelooks.biz/demo/beautain/html/preview/assets/img/icon/service-icon9.svg]
[themelooks.biz/demo/beautain/html/preview/assets/img/icon/service-icon10.svg]
[themelooks.biz/demo/beautain/html/preview/assets/img/icon/long-arrow-left.svg]
[themelooks.biz/demo/beautain/html/preview/assets/img/icon/minus.svg]
[themelooks.biz/demo/beautain/html/preview/assets/img/icon/plus2.svg]
[themelooks.biz/demo/beautain/html/preview/assets/img/icon/heart.svg]
[themelooks.biz/demo/beautain/html/preview/assets/img/icon/compare2.svg]
[themelooks.biz/demo/beautain/html/preview/assets/img/icon/remove_2.svg]
[themelooks.biz/demo/beautain/html/preview/assets/img/icon/paper_plane.svg]
